Unit Tests
==========

unittest1.c:
------------
Num fails 0 of 2000 tests

unittest2.c:
------------
473 test failed out of 500!File 'unitTests/unittest2.c'
Lines executed:100.00% of 34
unitTests/unittest2.c:creating 'unittest2.c.gcov'


unittest3.c:
------------

 0 test of 2000 failed!File 'unitTests/unittest3.c'
Lines executed:95.83% of 24
unitTests/unittest3.c:creating 'unittest3.c.gcov'


unittest4.c:
------------

0 test failed out of 2000!File 'unitTests/unittest4.c'
Lines executed:97.87% of 47
unitTests/unittest4.c:creating 'unittest4.c.gcov'

